[06:53:12] [ServerMain/INFO]: [bootstrap] Running Java 25 (OpenJDK 64-Bit Server VM 25.0.1+8-LTS; Microsoft Microsoft-12574222) on Linux 6.8.0-1044-azure (amd64)
[06:53:12] [ServerMain/INFO]: [bootstrap] Loading Paper 1.21.11-127-main@bd74bf6 (2026-03-10T02:55:23Z) for Minecraft 1.21.11
[06:53:12] [ServerMain/INFO]: [PluginInitializerManager] Initializing plugins...
[06:53:16] [ServerMain/INFO]: [PluginInitializerManager] Initialized 3 plugins
[06:53:16] [ServerMain/INFO]: [PluginInitializerManager] Bukkit plugins (3):
 - Chunky (1.4.40), Geyser-Spigot (2.9.5-SNAPSHOT), floodgate (2.2.5-SNAPSHOT (b131-869338c))
[06:53:24] [ServerMain/INFO]: Environment: Environment[sessionHost=https://sessionserver.mojang.com, servicesHost=https://api.minecraftservices.com, profilesHost=https://api.mojang.com, name=PROD]
[06:53:28] [ServerMain/INFO]: Loaded 1470 recipes
[06:53:28] [ServerMain/INFO]: Loaded 1584 advancements
[06:53:28] [ServerMain/INFO]: [ca.spottedleaf.dataconverter.minecraft.datatypes.MCTypeRegistry] Initialising converters for DataConverter...
[06:53:29] [ServerMain/INFO]: [ca.spottedleaf.dataconverter.minecraft.datatypes.MCTypeRegistry] Finished initialising converters for DataConverter in 791.4ms
[06:53:29] [Server thread/INFO]: Starting minecraft server version 1.21.11
[06:53:29] [Server thread/INFO]: Loading properties
[06:53:29] [Server thread/INFO]: This server is running Paper version 1.21.11-127-main@bd74bf6 (2026-03-10T02:55:23Z) (Implementing API version 1.21.11-R0.1-SNAPSHOT)
[06:53:30] [Server thread/INFO]: [spark] This server bundles the spark profiler. For more information please visit https://docs.papermc.io/paper/profiling
[06:53:30] [Server thread/INFO]: Using 4 threads for Netty based IO
[06:53:30] [Server thread/INFO]: Server Ping Player Sample Count: 12
[06:53:32] [Server thread/INFO]: [MoonriseCommon] Paper is using 1 worker threads, 1 I/O threads
[06:53:33] [Server thread/INFO]: Default game type: SURVIVAL
[06:53:33] [Server thread/INFO]: Generating keypair
[06:53:33] [Server thread/INFO]: Starting Minecraft server on *:25565
[06:53:33] [Server thread/INFO]: Paper: Using libdeflate (Linux x86_64) compression from Velocity.
[06:53:33] [Server thread/INFO]: Paper: Using OpenSSL 3.x.x (Linux x86_64) cipher from Velocity.
[06:53:33] [Server thread/INFO]: [floodgate] Loading server plugin floodgate v2.2.5-SNAPSHOT (b131-869338c)
[06:53:35] [Server thread/WARN]: [floodgate] en_ is not a supported Floodgate language.
[06:53:35] [Server thread/INFO]: [floodgate] Took 1,914ms to boot Floodgate
[06:53:35] [Server thread/INFO]: [Chunky] Loading server plugin Chunky v1.4.40
[06:53:35] [Server thread/INFO]: [Geyser-Spigot] Loading server plugin Geyser-Spigot v2.9.5-SNAPSHOT
[06:53:36] [Server thread/INFO]: [Geyser-Spigot] Loading extensions...
[06:53:36] [Server thread/INFO]: [Geyser-Spigot] Loaded 0 extension(s)
[06:53:36] [Server thread/INFO]: Server permissions file permissions.yml is empty, ignoring it
[06:53:36] [Server thread/INFO]: Preparing level "world"
[06:53:36] [Server thread/INFO]: [ca.spottedleaf.moonrise.common.util.MoonriseConstants] NUMA enable flag is not set; however there is NUMA interaction support for this OS.
[06:53:36] [Server thread/INFO]: [ca.spottedleaf.moonrise.common.util.MoonriseConstants] Detected 1 NUMA nodes.
[06:53:37] [Server thread/INFO]: Loading 0 persistent chunks for world 'minecraft:overworld'...
[06:53:37] [Server thread/INFO]: Preparing spawn area: 100%
[06:53:37] [Server thread/INFO]: Prepared spawn area in 4 ms
[06:53:37] [Server thread/INFO]: Loading 0 persistent chunks for world 'minecraft:the_nether'...
[06:53:37] [Server thread/INFO]: Preparing spawn area: 100%
[06:53:37] [Server thread/INFO]: Prepared spawn area in 4 ms
[06:53:37] [Server thread/INFO]: Loading 0 persistent chunks for world 'minecraft:the_end'...
[06:53:37] [Server thread/INFO]: Preparing spawn area: 100%
[06:53:37] [Server thread/INFO]: Prepared spawn area in 6 ms
[06:53:37] [Server thread/INFO]: Done preparing level "world" (1.476s)
[06:53:37] [Server thread/INFO]: [floodgate] Enabling floodgate v2.2.5-SNAPSHOT (b131-869338c)
[06:53:39] [Server thread/INFO]: [Chunky] Enabling Chunky v1.4.40
[06:53:39] [Server thread/INFO]: [Geyser-Spigot] Enabling Geyser-Spigot v2.9.5-SNAPSHOT
[06:53:42] [Server thread/INFO]: [spark] Starting background profiler...
[06:53:43] [Server thread/INFO]: [Geyser-Spigot] ******************************************
[06:53:43] [Server thread/INFO]: [Geyser-Spigot] 
[06:53:43] [Server thread/INFO]: [Geyser-Spigot] Loading Geyser version 2.9.5-b1103 (git-master-00feb5e)
[06:53:43] [Server thread/INFO]: [Geyser-Spigot] 
[06:53:43] [Server thread/INFO]: [Geyser-Spigot] ******************************************
[06:53:50] [GeyserServer-3-1/INFO]: [Geyser-Spigot] Started Geyser on UDP port 19132
[06:53:50] [Server thread/INFO]: [Geyser-Spigot] Done (6.34s)! Run /geyser help for help!
[06:53:51] [Server thread/INFO]: Running delayed init tasks
[06:53:51] [Server thread/INFO]: Done (42.489s)! For help, type "help"
[06:53:52] [Paper Async Task Handler Thread - 1/INFO]: *** Currently you are 1 build(s) behind ***
[06:53:52] [Paper Async Task Handler Thread - 1/INFO]: *** It is highly recommended to download the latest build from https://papermc.io/downloads/paper ***
[06:56:58] [GeyserServerChild-4-1/WARN]: [io.netty.channel.ChannelInitializer] Failed to initialize a channel. Closing: [id: 0x9c7d2256, L:/[0:0:0:0:0:0:0:0]:19132 ! R:/127.129.248.61:38958]
java.lang.UnsupportedOperationException: Unsupported RakNet protocol version: 0
	at Geyser-Spigot.jar//org.cloudburstmc.protocol.bedrock.netty.initializer.BedrockChannelInitializer.getCompression(BedrockChannelInitializer.java:67) ~[?:?]
	at Geyser-Spigot.jar//org.cloudburstmc.protocol.bedrock.netty.initializer.BedrockChannelInitializer.preInitChannel(BedrockChannelInitializer.java:51) ~[?:?]
	at Geyser-Spigot.jar//org.cloudburstmc.protocol.bedrock.netty.initializer.BedrockServerInitializer.preInitChannel(BedrockServerInitializer.java:13) ~[?:?]
	at Geyser-Spigot.jar//org.cloudburstmc.protocol.bedrock.netty.initializer.BedrockChannelInitializer.initChannel(BedrockChannelInitializer.java:33) ~[?:?]
	at io.netty.channel.ChannelInitializer.initChannel(ChannelInitializer.java:128) ~[netty-transport-4.2.7.Final.jar:4.2.7.Final]
	at io.netty.channel.ChannelInitializer.handlerAdded(ChannelInitializer.java:111) ~[netty-transport-4.2.7.Final.jar:4.2.7.Final]
	at io.netty.channel.AbstractChannelHandlerContext.callHandlerAdded(AbstractChannelHandlerContext.java:999) ~[netty-transport-4.2.7.Final.jar:4.2.7.Final]
	at io.netty.channel.DefaultChannelPipeline.callHandlerAdded0(DefaultChannelPipeline.java:558) ~[netty-transport-4.2.7.Final.jar:4.2.7.Final]
	at io.netty.channel.DefaultChannelPipeline.access$100(DefaultChannelPipeline.java:45) ~[netty-transport-4.2.7.Final.jar:4.2.7.Final]
	at io.netty.channel.DefaultChannelPipeline$PendingHandlerAddedTask.execute(DefaultChannelPipeline.java:1482) ~[netty-transport-4.2.7.Final.jar:4.2.7.Final]
	at io.netty.channel.DefaultChannelPipeline.callHandlerAddedForAllHandlers(DefaultChannelPipeline.java:1136) ~[netty-transport-4.2.7.Final.jar:4.2.7.Final]
	at io.netty.channel.DefaultChannelPipeline.invokeHandlerAddedIfNeeded(DefaultChannelPipeline.java:599) ~[netty-transport-4.2.7.Final.jar:4.2.7.Final]
	at io.netty.channel.AbstractChannel$AbstractUnsafe$2.operationComplete(AbstractChannel.java:383) ~[netty-transport-4.2.7.Final.jar:4.2.7.Final]
	at io.netty.channel.AbstractChannel$AbstractUnsafe$2.operationComplete(AbstractChannel.java:374) ~[netty-transport-4.2.7.Final.jar:4.2.7.Final]
	at io.netty.util.concurrent.DefaultPromise.notifyListener0(DefaultPromise.java:604) ~[netty-common-4.2.7.Final.jar:4.2.7.Final]
	at io.netty.util.concurrent.DefaultPromise.notifyListenersNow(DefaultPromise.java:571) ~[netty-common-4.2.7.Final.jar:4.2.7.Final]
	at io.netty.util.concurrent.DefaultPromise.notifyListeners(DefaultPromise.java:506) ~[netty-common-4.2.7.Final.jar:4.2.7.Final]
	at io.netty.util.concurrent.DefaultPromise.setValue0(DefaultPromise.java:650) ~[netty-common-4.2.7.Final.jar:4.2.7.Final]
	at io.netty.util.concurrent.DefaultPromise.setSuccess0(DefaultPromise.java:639) ~[netty-common-4.2.7.Final.jar:4.2.7.Final]
	at io.netty.util.concurrent.DefaultPromise.setSuccess(DefaultPromise.java:111) ~[netty-common-4.2.7.Final.jar:4.2.7.Final]
	at io.netty.channel.DefaultChannelPromise.setSuccess(DefaultChannelPromise.java:78) ~[netty-transport-4.2.7.Final.jar:4.2.7.Final]
	at io.netty.channel.DefaultChannelPromise.setSuccess(DefaultChannelPromise.java:73) ~[netty-transport-4.2.7.Final.jar:4.2.7.Final]
	at io.netty.channel.AbstractChannel.doRegister(AbstractChannel.java:968) ~[netty-transport-4.2.7.Final.jar:4.2.7.Final]
	at io.netty.channel.AbstractChannel$AbstractUnsafe.register0(AbstractChannel.java:408) ~[netty-transport-4.2.7.Final.jar:4.2.7.Final]
	at io.netty.channel.AbstractChannel$AbstractUnsafe.access$300(AbstractChannel.java:288) ~[netty-transport-4.2.7.Final.jar:4.2.7.Final]
	at io.netty.channel.AbstractChannel$AbstractUnsafe$1.run(AbstractChannel.java:352) ~[netty-transport-4.2.7.Final.jar:4.2.7.Final]
	at io.netty.util.concurrent.AbstractEventExecutor.runTask(AbstractEventExecutor.java:148) ~[netty-common-4.2.7.Final.jar:4.2.7.Final]
	at io.netty.util.concurrent.AbstractEventExecutor.safeExecute(AbstractEventExecutor.java:141) ~[netty-common-4.2.7.Final.jar:4.2.7.Final]
	at io.netty.util.concurrent.SingleThreadEventExecutor.runAllTasks(SingleThreadEventExecutor.java:535) ~[netty-common-4.2.7.Final.jar:4.2.7.Final]
	at io.netty.channel.SingleThreadIoEventLoop.run(SingleThreadIoEventLoop.java:201) ~[netty-transport-4.2.7.Final.jar:4.2.7.Final]
	at io.netty.util.concurrent.SingleThreadEventExecutor$5.run(SingleThreadEventExecutor.java:1193) ~[netty-common-4.2.7.Final.jar:4.2.7.Final]
	at io.netty.util.internal.ThreadExecutorMap$2.run(ThreadExecutorMap.java:74) ~[netty-common-4.2.7.Final.jar:4.2.7.Final]
	at io.netty.util.concurrent.FastThreadLocalRunnable.run(FastThreadLocalRunnable.java:30) ~[netty-common-4.2.7.Final.jar:4.2.7.Final]
	at java.base/java.lang.Thread.run(Thread.java:1474) ~[?:?]
[06:57:27] [GeyserServerChild-4-2/INFO]: [Geyser-Spigot] Player connected with username DxZoro123 (944)
[06:57:27] [localSession-7-2/INFO]: [Geyser-Spigot] DxZoro123 (logged in as: DxZoro123) has connected to the Java server
[06:57:30] [Server thread/INFO]: [floodgate] Floodgate player logged in as .DxZoro123 joined (UUID: 00000000-0000-0000-0009-01f236f2a678)
[06:57:30] [Server thread/INFO]: .DxZoro123 joined the game
[06:57:30] [Server thread/INFO]: .DxZoro123[/127.129.248.61:0] logged in with entity id 78 at ([world]-60.650978, 64.0, -246.9617)
[06:57:55] [GeyserServerChild-4-2/INFO]: [Geyser-Spigot] DxZoro123 has disconnected from the Java server because of Bedrock client disconnected
[06:57:55] [Geyser Spigot connection thread-6-3/INFO]: [floodgate] Floodgate player logged in as .DxZoro123 disconnected
[06:57:55] [Server thread/INFO]: .DxZoro123 lost connection: Disconnected
[06:57:55] [Server thread/INFO]: .DxZoro123 left the game
[07:08:00] [GeyserServerChild-4-3/INFO]: [Geyser-Spigot] Player connected with username DxZoro123 (944)
[07:08:00] [localSession-7-3/INFO]: [Geyser-Spigot] DxZoro123 (logged in as: DxZoro123) has connected to the Java server
[07:08:00] [Server thread/INFO]: [floodgate] Floodgate player logged in as .DxZoro123 joined (UUID: 00000000-0000-0000-0009-01f236f2a678)
[07:08:00] [Server thread/INFO]: .DxZoro123 joined the game
[07:08:00] [Server thread/INFO]: .DxZoro123[/127.129.248.61:0] logged in with entity id 343 at ([world]-58.30001001192093, 64.0, -246.87569)
[07:12:23] [GeyserServerChild-4-3/INFO]: [Geyser-Spigot] DxZoro123 has disconnected from the Java server because of Bedrock client timed out
[07:12:23] [Geyser Spigot connection thread-6-4/INFO]: [floodgate] Floodgate player logged in as .DxZoro123 disconnected
[07:12:23] [Server thread/INFO]: .DxZoro123 lost connection: Disconnected
[07:12:23] [Server thread/INFO]: .DxZoro123 left the game
[07:13:03] [GeyserServerChild-4-1/INFO]: [Geyser-Spigot] Player connected with username DxZoro123 (944)
[07:13:03] [localSession-7-4/INFO]: [Geyser-Spigot] DxZoro123 (logged in as: DxZoro123) has connected to the Java server
[07:13:03] [Server thread/INFO]: [floodgate] Floodgate player logged in as .DxZoro123 joined (UUID: 00000000-0000-0000-0009-01f236f2a678)
[07:13:03] [Server thread/INFO]: .DxZoro123 joined the game
[07:13:03] [Server thread/INFO]: .DxZoro123[/127.88.194.180:0] logged in with entity id 974 at ([world]-54.827644, 63.0, -235.19052)
[07:14:42] [GeyserServerChild-4-1/INFO]: [Geyser-Spigot] DxZoro123 has disconnected from the Java server because of Bedrock client timed out
[07:14:42] [Geyser Spigot connection thread-6-1/INFO]: [floodgate] Floodgate player logged in as .DxZoro123 disconnected
[07:14:42] [Server thread/INFO]: .DxZoro123 lost connection: Disconnected
[07:14:42] [Server thread/INFO]: .DxZoro123 left the game
[07:15:35] [GeyserServerChild-4-2/INFO]: [Geyser-Spigot] Player connected with username DxZoro123 (944)
[07:15:35] [localSession-7-1/INFO]: [Geyser-Spigot] DxZoro123 (logged in as: DxZoro123) has connected to the Java server
[07:15:36] [Server thread/INFO]: [floodgate] Floodgate player logged in as .DxZoro123 joined (UUID: 00000000-0000-0000-0009-01f236f2a678)
[07:15:36] [Server thread/INFO]: .DxZoro123 joined the game
[07:15:36] [Server thread/INFO]: .DxZoro123[/127.88.194.180:0] logged in with entity id 1327 at ([world]-74.40728225427243, 60.16126999850989, -243.87946125239543)
[07:15:45] [Server thread/INFO]: .DxZoro123 drowned while trying to escape Drowned
